
R version 4.0.2 (2020-06-22) -- "Taking Off Again"
Copyright (C) 2020 The R Foundation for Statistical Computing
Platform: x86_64-apple-darwin17.0 (64-bit)

R is free software and comes with ABSOLUTELY NO WARRANTY.
You are welcome to redistribute it under certain conditions.
Type 'license()' or 'licence()' for distribution details.

R is a collaborative project with many contributors.
Type 'contributors()' for more information and
'citation()' on how to cite R or R packages in publications.

Type 'demo()' for some demos, 'help()' for on-line help, or
'help.start()' for an HTML browser interface to help.
Type 'q()' to quit R.

> library(riskRegression)
riskRegression version 2020.12.08
> library(survival)
> library(data.table)
> library(testthat)
> 
> 
> test_that("loob survival",{
+     learndat=sampleData(200,outcome="survival")
+     cox1a = coxph(Surv(time,event)~X6,data=learndat,x=TRUE,y=TRUE)
+     cox2a = coxph(Surv(time,event)~X7+X8+X9,data=learndat,x=TRUE,y=TRUE)
+     ## leave-one-out bootstrap
+     set.seed(5)
+     loob.se0 <- Score(list("COX1"=cox1a,"COX2"=cox2a),formula=Surv(time,event)~1,data=learndat,times=5,split.method="loob",B=100,se.fit=FALSE)
+     set.seed(5)
+     loob.se1 <- Score(list("COX1"=cox1a,"COX2"=cox2a),formula=Surv(time,event)~1,data=learndat,times=5,split.method="loob",B=100,se.fit=TRUE)
+     ## set.seed(5)
+     ## loob.se1 <- Score(list("COX1"=cox1a,"COX2"=cox2a),formula=Surv(time,event)~1,data=learndat,times=5,split.method="loob",B=100,se.fit=TRUE,metrics="brier",conservative=TRUE)
+     expect_equal(loob.se0$AUC$contrasts$delta,loob.se1$AUC$contrasts$delta)
+     expect_equal(loob.se0$Brier$contrasts$delta,loob.se1$Brier$contrasts$delta)
+ })
  |                            |                    |   0%  |                            |                    |   1%  |                            |                    |   2%  |                            |=                   |   3%  |                            |=                   |   4%  |                            |=                   |   5%  |                            |=                   |   6%  |                            |=                   |   7%  |                            |==                  |   8%  |                            |==                  |   9%  |                            |==                  |  10%  |                            |==                  |  11%  |                            |==                  |  12%  |                            |===                 |  13%  |                            |===                 |  14%  |                            |===                 |  15%  |                            |===                 |  16%  |                            |===                 |  17%  |                            |====                |  18%  |                            |====                |  19%  |                            |====                |  20%  |                            |====                |  21%  |                            |====                |  22%  |                            |=====               |  23%  |                            |=====               |  24%  |                            |=====               |  25%  |                            |=====               |  26%  |                            |=====               |  27%  |                            |======              |  28%  |                            |======              |  29%  |                            |======              |  30%  |                            |======              |  31%  |                            |======              |  32%  |                            |=======             |  33%  |                            |=======             |  34%  |                            |=======             |  35%  |                            |=======             |  36%  |                            |=======             |  37%  |                            |========            |  38%  |                            |========            |  39%  |                            |========            |  40%  |                            |========            |  41%  |                            |========            |  42%  |                            |=========           |  43%  |                            |=========           |  44%  |                            |=========           |  45%  |                            |=========           |  46%  |                            |=========           |  47%  |                            |==========          |  48%  |                            |==========          |  49%  |                            |==========          |  50%  |                            |==========          |  51%  |                            |==========          |  52%  |                            |===========         |  53%  |                            |===========         |  54%  |                            |===========         |  55%  |                            |===========         |  56%  |                            |===========         |  57%  |                            |============        |  58%  |                            |============        |  59%  |                            |============        |  60%  |                            |============        |  61%  |                            |============        |  62%  |                            |=============       |  63%  |                            |=============       |  64%  |                            |=============       |  65%  |                            |=============       |  66%  |                            |=============       |  67%  |                            |==============      |  68%  |                            |==============      |  69%  |                            |==============      |  70%  |                            |==============      |  71%  |                            |==============      |  72%  |                            |===============     |  73%  |                            |===============     |  74%  |                            |===============     |  75%  |                            |===============     |  76%  |                            |===============     |  77%  |                            |================    |  78%  |                            |================    |  79%  |                            |================    |  80%  |                            |================    |  81%  |                            |================    |  82%  |                            |=================   |  83%  |                            |=================   |  84%  |                            |=================   |  85%  |                            |=================   |  86%  |                            |=================   |  87%  |                            |==================  |  88%  |                            |==================  |  89%  |                            |==================  |  90%  |                            |==================  |  91%  |                            |==================  |  92%  |                            |=================== |  93%  |                            |=================== |  94%  |                            |=================== |  95%  |                            |=================== |  96%  |                            |=================== |  97%  |                            |====================|  98%  |                            |====================|  99%  |                            |====================| 100%
  |                            |                    |   0%  |                            |                    |   1%  |                            |                    |   2%  |                            |=                   |   3%  |                            |=                   |   4%  |                            |=                   |   5%  |                            |=                   |   6%  |                            |=                   |   7%  |                            |==                  |   8%  |                            |==                  |   9%  |                            |==                  |  10%  |                            |==                  |  11%  |                            |==                  |  12%  |                            |===                 |  13%  |                            |===                 |  14%  |                            |===                 |  15%  |                            |===                 |  16%  |                            |===                 |  17%  |                            |====                |  18%  |                            |====                |  19%  |                            |====                |  20%  |                            |====                |  21%  |                            |====                |  22%  |                            |=====               |  23%  |                            |=====               |  24%  |                            |=====               |  25%  |                            |=====               |  26%  |                            |=====               |  27%  |                            |======              |  28%  |                            |======              |  29%  |                            |======              |  30%  |                            |======              |  31%  |                            |======              |  32%  |                            |=======             |  33%  |                            |=======             |  34%  |                            |=======             |  35%  |                            |=======             |  36%  |                            |=======             |  37%  |                            |========            |  38%  |                            |========            |  39%  |                            |========            |  40%  |                            |========            |  41%  |                            |========            |  42%  |                            |=========           |  43%  |                            |=========           |  44%  |                            |=========           |  45%  |                            |=========           |  46%  |                            |=========           |  47%  |                            |==========          |  48%  |                            |==========          |  49%  |                            |==========          |  50%  |                            |==========          |  51%  |                            |==========          |  52%  |                            |===========         |  53%  |                            |===========         |  54%  |                            |===========         |  55%  |                            |===========         |  56%  |                            |===========         |  57%  |                            |============        |  58%  |                            |============        |  59%  |                            |============        |  60%  |                            |============        |  61%  |                            |============        |  62%  |                            |=============       |  63%  |                            |=============       |  64%  |                            |=============       |  65%  |                            |=============       |  66%  |                            |=============       |  67%  |                            |==============      |  68%  |                            |==============      |  69%  |                            |==============      |  70%  |                            |==============      |  71%  |                            |==============      |  72%  |                            |===============     |  73%  |                            |===============     |  74%  |                            |===============     |  75%  |                            |===============     |  76%  |                            |===============     |  77%  |                            |================    |  78%  |                            |================    |  79%  |                            |================    |  80%  |                            |================    |  81%  |                            |================    |  82%  |                            |=================   |  83%  |                            |=================   |  84%  |                            |=================   |  85%  |                            |=================   |  86%  |                            |=================   |  87%  |                            |==================  |  88%  |                            |==================  |  89%  |                            |==================  |  90%  |                            |==================  |  91%  |                            |==================  |  92%  |                            |=================== |  93%  |                            |=================== |  94%  |                            |=================== |  95%  |                            |=================== |  96%  |                            |=================== |  97%  |                            |====================|  98%  |                            |====================|  99%  |                            |====================| 100%
Test passed 😀
> 
> if(FALSE){ ## [:failed test:]
+ test_that("bootcv survival (multi.state.test)",{
+     learndat=sampleData(200,outcome="survival")
+     learndat[,eventtime:=NULL]
+     learndat[,censtime:=NULL]
+     cox1a = coxph(Surv(time,event)~X6,data=learndat,x=TRUE,y=TRUE)
+     cox2a = coxph(Surv(time,event)~X7+X8+X9,data=learndat,x=TRUE,y=TRUE)
+     ## rf1 = rfsrc(Surv(time,event)~X1+X2+X3+X4+X5+X6+X7+X8+X9+X10,data=learndat,ntree=500)
+     ## rf1 = rfsrc(Surv(time,event)~.,data=learndat,ntree=500)
+     ## leave-one-out bootstrap
+     set.seed(5)
+     bootcv.se0 <- Score(list("COX1"=cox1a,"COX2"=cox2a),formula=Surv(time,event)~1,data=learndat,times=5,split.method="bootcv",B=10,se.fit=FALSE,multi.split.test=FALSE)
+     set.seed(5)
+     bootcv.se1 <- Score(list("COX1"=cox1a,"COX2"=cox2a,"RF"=rf1),formula=Surv(time,event)~1,data=learndat,times=5,split.method="bootcv",B=10,se.fit=TRUE,multi.split.test=FALSE)
+     set.seed(5)
+     bootcv.se2 <- Score(list("COX1"=cox1a,"COX2"=cox2a),formula=Surv(time,event)~1,data=learndat,times=5,split.method="bootcv",B=10,se.fit=FALSE,multi.split.test=TRUE,conservative=TRUE)
+     set.seed(5)
+     bootcv.se3 <- Score(list("COX1"=cox1a,"COX2"=cox2a),formula=Surv(time,event)~1,data=learndat,times=5,split.method="bootcv",B=10,se.fit=TRUE,multi.split.test=TRUE,conservative=TRUE)
+     bootcv <- list(bootcv.se0,bootcv.se1,bootcv.se2,bootcv.se3)
+     ## delta
+     for (i in 1:4)
+         for (j in 2:4) 
+             for (m in c("AUC","Brier"))
+                 expect_equal(bootcv[[i]][[m]]$contrasts$delta,bootcv[[j]][[m]]$contrasts$delta)
+     ## lower, upper
+     for (m in c("AUC","Brier"))
+         expect_equal(bootcv[[2]][[m]]$contrasts[,.(lower,upper)],bootcv[[4]][[m]]$contrasts[,.(lower,upper)])
+     ## p-value
+     ## for (m in c("AUC","Brier"))
+         ## expect_equal(bootcv[[3]][[m]]$contrasts[,.(p)],bootcv[[4]][[m]]$contrasts[,.(p)])
+ })
+ }
> 
> proc.time()
   user  system elapsed 
 15.003   0.729  16.198 
